gcc -g p1final.c
 ./a.out
enter the number to be added:2
enter the number to be added:2
sum of 2+2=4
 gdb ./a.out
Reading symbols from ./a.out...done.
(gdb) b main
Breakpoint 1 at 0x7c5: file p1final.c, line 22.
(gdb) r
Starting program: /home/runner/pps-test1-Abhishek32971/a.out 
warning: Error disabling address space randomization: Operation not permitted

Breakpoint 1, main () at p1final.c:22
22    a=input();
(gdb) s
input () at p1final.c:3
3   {
(gdb) n
5     printf("enter the number to be added:");
(gdb) n
6     scanf("%d",&a);
(gdb) n
enter the number to be added:2
7     return a;
(gdb) n
8   }
(gdb) n
main () at p1final.c:23
23    b=input();
(gdb) p a
$1 = 2
(gdb) s
input () at p1final.c:3
3   {
(gdb) n
5     printf("enter the number to be added:");
(gdb) n
6     scanf("%d",&a);
(gdb) n
enter the number to be added:2
7     return a;
(gdb) n
8   }
(gdb) n
main () at p1final.c:24
24    z=add(a,b);
(gdb) p b
$2 = 2
(gdb) s
add (a=2, b=2) at p1final.c:12
12    sum=a+b;
(gdb) n
13    return sum;
(gdb) n
14  }
(gdb) n
main () at p1final.c:25
25    output(a,b,z);
(gdb) p z
$3 = 4
(gdb) s
output (a=2, b=2, c=4) at p1final.c:17
17    printf("sum of %d+%d=%d\n",a,b,c);
(gdb) n
sum of 2+2=4
18  }
(gdb) n
main () at p1final.c:26
26    return 0;
(gdb) c
Continuing.
[Inferior 1 (process 31) exited normally]
(gdb) l
#include<stdio.h>
int input()
{
  int a;
  printf("enter the number to be added:");
  scanf("%d",&a);
  return a;
}
int add(int a,int b)
{
  int sum;
  sum=a+b;
  return sum;
}
void output(int a,int b,int c)
{
  printf("sum of %d+%d=%d\n",a,b,c);
}
int main()
{
  int a,b,z;
  a=input();
  b=input();
  z=add(a,b);
  output(a,b,z);
  return 0;
}