gcc -g p4final.c
 ./a.out
enter a number 
2
enter a number 
2
enter a number 
1
the greatest number among the three is:2
 gdb ./a.out
GNU gdb (Ubuntu 8.1.1-0ubuntu1) 8.1.1
Copyright (C) 2018 Free Software Foundation, Inc.
License GPLv3+: GNU GPL version 3 or later <http://gnu.org/licenses/gpl.html>
This is free software: you are free to change and redistribute it.
There is NO WARRANTY, to the extent permitted by law.  Type "show copying"
and "show warranty" for details.
This GDB was configured as "x86_64-linux-gnu".
Type "show configuration" for configuration details.
For bug reporting instructions, please see:
<http://www.gnu.org/software/gdb/bugs/>.
Find the GDB manual and other documentation resources online at:
<http://www.gnu.org/software/gdb/documentation/>.
For help, type "help".
Type "apropos word" to search for commands related to "word"...
Reading symbols from ./a.out...done.
(gdb) b main
Breakpoint 1 at 0x82a: file p4final.c, line 33.
(gdb) r
Starting program: /home/runner/pps-test1-Abhishek32971/a.out 
warning: Error disabling address space randomization: Operation not permitted

Breakpoint 1, main () at p4final.c:33
33    a=input();
(gdb) s
input () at p4final.c:3
3   {
(gdb) n
5     printf("enter a number \n");
(gdb) n
enter a number 
6     scanf("%d",&a);
(gdb) n
2
7     return a;
(gdb) n
8   }
(gdb) n
main () at p4final.c:34
34    b=input();
(gdb) p a
$1 = 2
(gdb) s
input () at p4final.c:3
3   {
(gdb) n
5     printf("enter a number \n");
(gdb) n
enter a number 
6     scanf("%d",&a);
(gdb) n
2
7     return a;
(gdb) n
8   }
(gdb) n
main () at p4final.c:35
35    c=input();
(gdb) p b
$2 = 2
(gdb) n
enter a number 
1
36    ga=cmp(a,b,c);
(gdb) s
cmp (a=2, b=2, c=1) at p4final.c:12
12    if (a>b && a>c)
(gdb) n
16    else  if (b>c)
(gdb) n
18      g=b;
(gdb) n
24    return g;
(gdb) n
25  }
(gdb) n
main () at p4final.c:37
37    output(ga);
(gdb) p ga
$3 = 2
(gdb) s
output (g=2) at p4final.c:28
28    printf("the greatest number among the three is:%d\n",g);
(gdb) n
the greatest number among the three is:2
29  }
(gdb) n
main () at p4final.c:38
38    return 0;
(gdb) c
Continuing.
[Inferior 1 (process 136) exited normally]
(gdb) 